error: custom attribute panicked
 --> $DIR/invalid_subcommand_with_help.rs:3:1
  |
3 | #[command]
  | ^^^^^^^^^^
  |
  = help: message: `with_usage` must be a string literal
