error: custom attribute panicked
 --> $DIR/invalid_option_default.rs:3:1
  |
3 | #[command]
  | ^^^^^^^^^^
  |
  = help: message: expected integer values for `x : i64` but was "hello"
