error: custom attribute panicked
 --> $DIR/invalid_arg_arg.rs:3:1
  |
3 | #[command]
  | ^^^^^^^^^^
  |
  = help: message: arg `arg` is expected to be a string literal
