error: custom attribute panicked
 --> $DIR/command_in_struct_method.rs:5:5
  |
5 |     #[command]
  |     ^^^^^^^^^^
  |
  = help: message: `app` is not a top free function
