error: custom attribute panicked
 --> $DIR/invalid_command_hidden.rs:3:1
  |
3 | #[command(hidden=true)]
  | ^^^^^^^^^^^^^^^^^^^^^^^
  |
  = help: message: only subcommands can be hidden
