error: custom attribute panicked
 --> $DIR/nightly_subcommand_in_mod.rs:3:1
  |
3 | #[command]
  | ^^^^^^^^^^
  |
  = help: message: `child` is not a top free function
