error: custom attribute panicked
 --> $DIR/empty_parent.rs:3:1
  |
3 | #[command]
  | ^^^^^^^^^^
  |
  = help: message: `parent` was empty in `fn sort`
