error: custom attribute panicked
 --> $DIR/invalid_command_about.rs:3:1
  |
3 | #[command(about=123)]
  | ^^^^^^^^^^^^^^^^^^^^^
  |
  = help: message: `about` is expected to be string literal
