error: custom attribute panicked
 --> $DIR/invalid_option_array_min_max.rs:3:1
  |
3 | #[command]
  | ^^^^^^^^^^
  |
  = help: message: invalid number of arguments for `values : [u32 ; 3]` expected 3
