error: custom attribute panicked
 --> $DIR/invalid_arg_values.rs:3:1
  |
3 | #[command]
  | ^^^^^^^^^^
  |
  = help: message: expected integer values for `x : Vec<i64>` but was ["1", "2", "3"]
