error: custom attribute panicked
 --> $DIR/invalid_subcommand_about.rs:3:1
  |
3 | #[command]
  | ^^^^^^^^^^
  |
  = help: message: `about` must be a string literal
