error: custom attribute panicked
 --> $DIR/invalid_option_min.rs:3:1
  |
3 | #[command]
  | ^^^^^^^^^^
  |
  = help: message: option `min` is expected to be an integer literal
