error: custom attribute panicked
 --> $DIR/invalid_option_alias.rs:3:1
  |
3 | #[command]
  | ^^^^^^^^^^
  |
  = help: message: option `alias` must be a string literal
